
> vite_react_shadcn_ts@0.0.0 build
> npm run type-check && vite build


> vite_react_shadcn_ts@0.0.0 type-check
> tsc --noEmit

[36mvite v5.4.19 [32mbuilding for production...[36m[39m
transforming...
npm : Browserslist: browsers data (caniuse-lite) is 7 months old. Please run:
At line:1 char:34
+ ... nvoFlow ui\ConvoFlow' ; npm run build 2>&1 > build-output.txt; Get-Co ...
+                             ~~~~~~~~~~~~~~~~~~~~~~~~~~~~~~~~~~~~~
    + CategoryInfo          : NotSpecified: (Browserslist: b...ld. Please run::String) [], Rem 
   oteException
    + FullyQualifiedErrorId : NativeCommandError
 
  npx update-browserslist-db@latest
  Why you should do it regularly: https://github.com/browserslist/update-db#readme
[32mΓ£ô[39m 3254 modules transformed.
rendering chunks...
[1m[33m[plugin:vite:reporter][39m[22m [33m[plugin vite:reporter] 
(!) D:/ConvoFlow ui/ConvoFlow/node_modules/html2canvas/dist/html2canvas.esm.js is dynamically 
imported by D:/ConvoFlow ui/ConvoFlow/node_modules/jspdf/dist/jspdf.es.min.js, D:/ConvoFlow 
ui/ConvoFlow/src/components/pageswise/superadmin/analytics/indexanalytics.tsx but also 
statically imported by D:/ConvoFlow 
ui/ConvoFlow/src/components/pageswise/admin/dashboard/indexdashboard.tsx, D:/ConvoFlow 
ui/ConvoFlow/src/components/pageswise/superadmin/dashboard/indexdashboard.tsx, D:/ConvoFlow 
ui/ConvoFlow/src/components/pageswise/superadmin/revenue/indexrevenue.tsx, D:/ConvoFlow 
ui/ConvoFlow/src/components/pageswise/superadmin/templates/indextemplates.tsx, dynamic import 
will not move module into another chunk.
[39m
[1m[33m[plugin:vite:reporter][39m[22m [33m[plugin vite:reporter] 
(!) D:/ConvoFlow ui/ConvoFlow/node_modules/jspdf/dist/jspdf.es.min.js is dynamically imported 
by D:/ConvoFlow ui/ConvoFlow/src/components/pageswise/superadmin/analytics/indexanalytics.tsx 
but also statically imported by D:/ConvoFlow 
ui/ConvoFlow/src/components/pageswise/admin/dashboard/indexdashboard.tsx, D:/ConvoFlow 
ui/ConvoFlow/src/components/pageswise/superadmin/dashboard/indexdashboard.tsx, D:/ConvoFlow 
ui/ConvoFlow/src/components/pageswise/superadmin/revenue/indexrevenue.tsx, D:/ConvoFlow 
ui/ConvoFlow/src/components/pageswise/superadmin/templates/indextemplates.tsx, dynamic import 
will not move module into another chunk.
[39m
computing gzip size...
[2mdist/[22m[32mindex.html                    [39m[1m[2m    1.18 kB[22m[1m[22m[2m Γöé gzip:   0.49 kB[22m
[2mdist/[22m[35massets/index-CLvvGUMX.css     [39m[1m[2m  109.66 kB[22m[1m[22m[2m Γöé gzip:  17.98 kB[22m
[2mdist/[22m[36massets/purify.es-RO27acbN.js  [39m[1m[2m   21.97 kB[22m[1m[22m[2m Γöé gzip:   8.64 kB[22m
[2mdist/[22m[36massets/vendor-Bds4FUX6.js     [39m[1m[2m  141.65 kB[22m[1m[22m[2m Γöé gzip:  45.51 kB[22m
[2mdist/[22m[36massets/index.es-DVpMnrXW.js   [39m[1m[2m  151.01 kB[22m[1m[22m[2m Γöé gzip:  51.55 kB[22m
[2mdist/[22m[36massets/charts-Bdcuj8tF.js     [39m[1m[2m  423.89 kB[22m[1m[22m[2m Γöé gzip: 113.02 kB[22m
[2mdist/[22m[36massets/index-nImI6Nc7.js      [39m[1m[33m1,584.21 kB[39m[22m[2m Γöé gzip: 440.85 kB[22m
[33m
(!) Some chunks are larger than 1500 kB after minification. Consider:
- Using dynamic import() to code-split the application
- Use build.rollupOptions.output.manualChunks to improve chunking: 
https://rollupjs.org/configuration-options/#output-manualchunks
- Adjust chunk size limit for this warning via build.chunkSizeWarningLimit.[39m
[32mΓ£ô built in 51.91s[39m
